{"level":"info","message":"Posts obtidos com sucesso"}
{"level":"info","message":"Posts obtidos com sucesso"}
{"level":"info","message":"Posts obtidos com sucesso"}
{"level":"info","message":"Posts obtidos com sucesso"}
{"level":"info","message":"Posts obtidos com sucesso"}
{"level":"info","message":"Posts obtidos com sucesso"}
{"level":"info","message":"Posts obtidos com sucesso"}
{"level":"info","message":"Posts obtidos com sucesso"}
{"level":"info","message":"Posts obtidos com sucesso"}
{"level":"info","message":"Posts obtidos com sucesso"}
{"level":"info","message":"Posts obtidos com sucesso"}
{"level":"info","message":"Posts obtidos com sucesso"}
{"level":"info","message":"Posts obtidos com sucesso"}
{"level":"info","message":"Posts obtidos com sucesso"}
{"level":"info","message":"Posts obtidos com sucesso"}
{"level":"info","message":"Posts obtidos com sucesso"}
{"level":"info","message":"Posts obtidos com sucesso"}
{"level":"info","message":"Posts obtidos com sucesso"}
{"level":"info","message":"Posts obtidos com sucesso"}
{"level":"info","message":"Posts obtidos com sucesso"}
{"level":"info","message":"Posts obtidos com sucesso"}
{"level":"info","message":"Posts obtidos com sucesso"}
{"level":"info","message":"Posts obtidos com sucesso"}
{"level":"info","message":"Posts obtidos com sucesso"}
{"level":"info","message":"Posts obtidos com sucesso"}
{"level":"info","message":"Posts obtidos com sucesso"}
{"level":"info","message":"Posts obtidos com sucesso"}
{"level":"info","message":"Posts obtidos com sucesso"}
{"level":"info","message":"Posts obtidos com sucesso"}
{"level":"info","message":"Posts obtidos com sucesso"}
{"level":"info","message":"Posts obtidos com sucesso"}
{"level":"info","message":"Posts obtidos com sucesso"}
{"level":"info","message":"Posts obtidos com sucesso"}
{"level":"info","message":"Posts obtidos com sucesso"}
{"level":"info","message":"Posts obtidos com sucesso"}
{"level":"info","message":"Posts obtidos com sucesso"}
{"level":"info","message":"Posts obtidos com sucesso"}
{"level":"info","message":"Posts obtidos com sucesso"}
{"level":"info","message":"Posts obtidos com sucesso"}
{"level":"info","message":"Posts obtidos com sucesso"}
{"level":"info","message":"Posts obtidos com sucesso"}
{"level":"info","message":"Posts obtidos com sucesso"}
{"level":"info","message":"Posts obtidos com sucesso"}
{"level":"info","message":"Posts obtidos com sucesso"}
{"level":"info","message":"Posts obtidos com sucesso"}
{"level":"info","message":"Posts obtidos com sucesso"}
{"level":"info","message":"Posts obtidos com sucesso"}
{"level":"info","message":"Posts obtidos com sucesso"}
{"level":"info","message":"Posts obtidos com sucesso"}
{"level":"info","message":"Posts obtidos com sucesso"}
{"level":"info","message":"Posts obtidos com sucesso"}
{"level":"info","message":"Posts obtidos com sucesso"}
{"level":"info","message":"Posts obtidos com sucesso"}
{"level":"info","message":"Posts obtidos com sucesso"}
{"level":"info","message":"Posts obtidos com sucesso"}
{"level":"info","message":"Posts obtidos com sucesso"}
{"level":"info","message":"Posts obtidos com sucesso"}
{"level":"info","message":"Posts obtidos com sucesso"}
{"level":"info","message":"Posts obtidos com sucesso"}
{"level":"info","message":"Posts obtidos com sucesso"}
{"level":"info","message":"Posts obtidos com sucesso"}
{"level":"info","message":"Posts obtidos com sucesso"}
{"level":"info","message":"Posts obtidos com sucesso"}
{"level":"info","message":"Posts obtidos com sucesso"}
{"level":"info","message":"Posts obtidos com sucesso"}
{"level":"info","message":"Posts obtidos com sucesso"}
{"level":"info","message":"Posts obtidos com sucesso"}
{"level":"info","message":"Posts obtidos com sucesso"}
{"level":"info","message":"Posts obtidos com sucesso"}
{"level":"info","message":"Posts obtidos com sucesso"}
{"level":"info","message":"Posts obtidos com sucesso"}
{"level":"info","message":"Posts obtidos com sucesso"}
{"level":"info","message":"Posts obtidos com sucesso"}
{"level":"info","message":"Posts obtidos com sucesso"}
{"level":"info","message":"Posts obtidos com sucesso"}
{"level":"info","message":"Posts obtidos com sucesso"}
{"level":"info","message":"Posts obtidos com sucesso"}
{"level":"info","message":"Posts obtidos com sucesso"}
{"level":"info","message":"Posts obtidos com sucesso"}
{"level":"info","message":"Posts obtidos com sucesso"}
{"level":"info","message":"Posts obtidos com sucesso"}
{"level":"info","message":"Posts obtidos com sucesso"}
{"level":"info","message":"Posts obtidos com sucesso"}
{"level":"info","message":"Posts obtidos com sucesso"}
{"level":"info","message":"Posts obtidos com sucesso"}
{"level":"info","message":"Posts obtidos com sucesso"}
{"level":"info","message":"Posts obtidos com sucesso"}
{"level":"info","message":"Posts obtidos com sucesso"}
{"level":"info","message":"Posts obtidos com sucesso"}
{"level":"info","message":"Posts obtidos com sucesso"}
{"level":"info","message":"Posts obtidos com sucesso"}
{"level":"info","message":"Posts obtidos com sucesso"}
{"level":"info","message":"Posts obtidos com sucesso"}
{"level":"info","message":"Posts obtidos com sucesso"}
{"level":"info","message":"Posts obtidos com sucesso"}
{"level":"info","message":"Posts obtidos com sucesso"}
{"level":"info","message":"Posts obtidos com sucesso"}
{"level":"info","message":"Posts obtidos com sucesso"}
{"level":"info","message":"Posts obtidos com sucesso"}
{"level":"info","message":"Posts obtidos com sucesso"}
{"level":"info","message":"Posts obtidos com sucesso"}
{"level":"info","message":"Posts obtidos com sucesso"}
{"level":"info","message":"Posts obtidos com sucesso"}
{"level":"info","message":"Posts obtidos com sucesso"}
{"level":"info","message":"Posts obtidos com sucesso"}
{"level":"info","message":"Posts obtidos com sucesso"}
{"level":"info","message":"Posts obtidos com sucesso"}
{"level":"info","message":"Posts obtidos com sucesso"}
{"level":"info","message":"Posts obtidos com sucesso"}
{"level":"info","message":"Posts obtidos com sucesso"}
{"level":"info","message":"Posts obtidos com sucesso"}
{"level":"info","message":"Posts obtidos com sucesso"}
{"level":"info","message":"Posts obtidos com sucesso"}
{"level":"info","message":"Posts obtidos com sucesso"}
{"level":"info","message":"Posts obtidos com sucesso"}
{"level":"info","message":"Posts obtidos com sucesso"}
{"level":"info","message":"Posts obtidos com sucesso"}
{"level":"info","message":"Posts obtidos com sucesso"}
{"level":"info","message":"Posts obtidos com sucesso"}
{"level":"info","message":"Posts obtidos com sucesso"}
{"level":"info","message":"Posts obtidos com sucesso"}
{"level":"info","message":"Posts obtidos com sucesso"}
{"level":"info","message":"Posts obtidos com sucesso"}
{"level":"info","message":"Posts obtidos com sucesso"}
{"level":"info","message":"Posts obtidos com sucesso"}
{"level":"info","message":"Posts obtidos com sucesso"}
{"level":"info","message":"Posts obtidos com sucesso"}
{"level":"info","message":"Posts obtidos com sucesso"}
{"level":"info","message":"Posts obtidos com sucesso"}
{"level":"info","message":"Posts obtidos com sucesso"}
{"level":"info","message":"Posts obtidos com sucesso"}
{"level":"info","message":"Posts obtidos com sucesso"}
{"level":"info","message":"Posts obtidos com sucesso"}
{"level":"info","message":"Posts obtidos com sucesso"}
{"level":"info","message":"Posts obtidos com sucesso"}
{"level":"info","message":"Posts obtidos com sucesso"}
{"level":"info","message":"Posts obtidos com sucesso"}
{"level":"info","message":"Posts obtidos com sucesso"}
{"level":"info","message":"Posts obtidos com sucesso"}
{"level":"info","message":"Posts obtidos com sucesso"}
{"level":"info","message":"Posts obtidos com sucesso"}
{"level":"info","message":"Posts obtidos com sucesso"}
{"level":"info","message":"Posts obtidos com sucesso"}
{"level":"info","message":"Posts obtidos com sucesso"}
{"level":"info","message":"Posts obtidos com sucesso"}
{"level":"info","message":"Posts obtidos com sucesso"}
{"level":"info","message":"Posts obtidos com sucesso"}
{"level":"info","message":"Posts obtidos com sucesso"}
{"level":"info","message":"Posts obtidos com sucesso"}
{"level":"info","message":"Posts obtidos com sucesso"}
{"level":"info","message":"Posts obtidos com sucesso"}
{"level":"info","message":"Posts obtidos com sucesso"}
{"level":"info","message":"Posts obtidos com sucesso"}
{"level":"info","message":"Posts obtidos com sucesso"}
{"level":"info","message":"Posts obtidos com sucesso"}
{"level":"info","message":"Posts obtidos com sucesso"}
{"level":"info","message":"Posts obtidos com sucesso"}
{"level":"info","message":"Posts obtidos com sucesso"}
{"level":"info","message":"Posts obtidos com sucesso"}
{"level":"info","message":"Posts obtidos com sucesso"}
{"level":"info","message":"Posts obtidos com sucesso"}
{"level":"info","message":"Posts obtidos com sucesso"}
{"level":"info","message":"Posts obtidos com sucesso"}
{"level":"info","message":"Posts obtidos com sucesso"}
{"level":"info","message":"Posts obtidos com sucesso"}
{"level":"info","message":"Posts obtidos com sucesso"}
{"level":"info","message":"Posts obtidos com sucesso"}
{"level":"error","message":"Erro ao buscar o post"}
{"level":"error","message":"Erro ao buscar o post"}
{"level":"error","message":"Erro ao buscar o post"}
{"level":"error","message":"Erro ao buscar o post"}
{"level":"info","message":"Posts obtidos com sucesso"}
{"level":"error","message":"Erro ao buscar o post"}
{"level":"info","message":"Posts obtidos com sucesso"}
{"level":"error","message":"Erro ao buscar o post"}
{"level":"error","message":"Erro ao buscar o post"}
{"level":"error","message":"Erro ao buscar o post"}
{"level":"error","message":"Erro ao buscar o post"}
{"level":"info","message":"Post obtido com sucesso"}
{"level":"info","message":"Post obtido com sucesso"}
{"level":"info","message":"Posts obtidos com sucesso"}
{"level":"info","message":"Post obtido com sucesso"}
{"level":"info","message":"Post obtido com sucesso"}
{"level":"info","message":"Post obtido com sucesso"}
{"level":"info","message":"Post obtido com sucesso"}
{"level":"info","message":"Post obtido com sucesso"}
{"level":"info","message":"Posts obtidos com sucesso"}
{"level":"info","message":"Post obtido com sucesso"}
{"level":"info","message":"Posts obtidos com sucesso"}
{"level":"info","message":"Post obtido com sucesso"}
{"level":"info","message":"Posts obtidos com sucesso"}
{"level":"info","message":"Post obtido com sucesso"}
{"level":"info","message":"Post obtido com sucesso"}
{"level":"info","message":"Post obtido com sucesso"}
{"level":"info","message":"Post obtido com sucesso"}
{"level":"info","message":"Post obtido com sucesso"}
{"level":"info","message":"Post obtido com sucesso"}
{"level":"info","message":"Post obtido com sucesso"}
{"level":"info","message":"Post obtido com sucesso"}
{"level":"info","message":"Post obtido com sucesso"}
{"level":"info","message":"Post obtido com sucesso"}
{"level":"info","message":"Post obtido com sucesso"}
{"level":"info","message":"Post obtido com sucesso"}
{"level":"info","message":"Post obtido com sucesso"}
{"level":"info","message":"Post obtido com sucesso"}
{"level":"info","message":"Post obtido com sucesso"}
{"level":"info","message":"Post obtido com sucesso"}
{"level":"info","message":"Post obtido com sucesso"}
{"level":"info","message":"Post obtido com sucesso"}
{"level":"info","message":"Post obtido com sucesso"}
{"level":"info","message":"Post obtido com sucesso"}
{"level":"info","message":"Post obtido com sucesso"}
{"level":"info","message":"Posts obtidos com sucesso"}
{"level":"info","message":"Post obtido com sucesso"}
{"level":"info","message":"Post obtido com sucesso"}
{"level":"info","message":"Post obtido com sucesso"}
{"level":"info","message":"Post obtido com sucesso"}
{"level":"info","message":"Posts obtidos com sucesso"}
{"level":"info","message":"Posts obtidos com sucesso"}
{"level":"info","message":"Posts obtidos com sucesso"}
{"level":"info","message":"Posts obtidos com sucesso"}
{"level":"info","message":"Post obtido com sucesso"}
{"level":"info","message":"Post obtido com sucesso"}
{"level":"info","message":"Posts obtidos com sucesso"}
{"level":"info","message":"Post obtido com sucesso"}
{"level":"error","message":"Erro ao buscar posts: db is not defined","stack":"ReferenceError: db is not defined\n    at getAllPosts (webpack-internal:///(rsc)/./src/app/page.js:33:23)\n    at Home (webpack-internal:///(rsc)/./src/app/page.js:50:47)\n    at eC (C:\\Users\\Usuario\\Documents\\WebDev\\Alura\\FullStack\\Node\\code-connect\\node_modules\\next\\dist\\compiled\\next-server\\app-page.runtime.dev.js:35:265189)\n    at e (C:\\Users\\Usuario\\Documents\\WebDev\\Alura\\FullStack\\Node\\code-connect\\node_modules\\next\\dist\\compiled\\next-server\\app-page.runtime.dev.js:35:269321)\n    at eL (C:\\Users\\Usuario\\Documents\\WebDev\\Alura\\FullStack\\Node\\code-connect\\node_modules\\next\\dist\\compiled\\next-server\\app-page.runtime.dev.js:35:269809)\n    at eJ (C:\\Users\\Usuario\\Documents\\WebDev\\Alura\\FullStack\\Node\\code-connect\\node_modules\\next\\dist\\compiled\\next-server\\app-page.runtime.dev.js:35:275773)\n    at eR (C:\\Users\\Usuario\\Documents\\WebDev\\Alura\\FullStack\\Node\\code-connect\\node_modules\\next\\dist\\compiled\\next-server\\app-page.runtime.dev.js:35:266017)\n    at eC (C:\\Users\\Usuario\\Documents\\WebDev\\Alura\\FullStack\\Node\\code-connect\\node_modules\\next\\dist\\compiled\\next-server\\app-page.runtime.dev.js:35:265059)\n    at e (C:\\Users\\Usuario\\Documents\\WebDev\\Alura\\FullStack\\Node\\code-connect\\node_modules\\next\\dist\\compiled\\next-server\\app-page.runtime.dev.js:35:269321)\n    at eL (C:\\Users\\Usuario\\Documents\\WebDev\\Alura\\FullStack\\Node\\code-connect\\node_modules\\next\\dist\\compiled\\next-server\\app-page.runtime.dev.js:35:269809)\n    at C:\\Users\\Usuario\\Documents\\WebDev\\Alura\\FullStack\\Node\\code-connect\\node_modules\\next\\dist\\compiled\\next-server\\app-page.runtime.dev.js:35:267040\n    at Array.toJSON (C:\\Users\\Usuario\\Documents\\WebDev\\Alura\\FullStack\\Node\\code-connect\\node_modules\\next\\dist\\compiled\\next-server\\app-page.runtime.dev.js:35:267504)\n    at stringify (<anonymous>)\n    at eJ (C:\\Users\\Usuario\\Documents\\WebDev\\Alura\\FullStack\\Node\\code-connect\\node_modules\\next\\dist\\compiled\\next-server\\app-page.runtime.dev.js:35:275872)\n    at eV (C:\\Users\\Usuario\\Documents\\WebDev\\Alura\\FullStack\\Node\\code-connect\\node_modules\\next\\dist\\compiled\\next-server\\app-page.runtime.dev.js:35:276390)\n    at Timeout._onTimeout (C:\\Users\\Usuario\\Documents\\WebDev\\Alura\\FullStack\\Node\\code-connect\\node_modules\\next\\dist\\compiled\\next-server\\app-page.runtime.dev.js:35:266177)\n    at listOnTimeout (node:internal/timers:594:17)\n    at process.processTimers (node:internal/timers:529:7)"}
{"level":"error","message":"Erro ao buscar posts: db is not defined","stack":"ReferenceError: db is not defined\n    at getAllPosts (webpack-internal:///(rsc)/./src/app/page.js:33:23)\n    at Home (webpack-internal:///(rsc)/./src/app/page.js:50:47)\n    at eC (C:\\Users\\Usuario\\Documents\\WebDev\\Alura\\FullStack\\Node\\code-connect\\node_modules\\next\\dist\\compiled\\next-server\\app-page.runtime.dev.js:35:265189)\n    at e (C:\\Users\\Usuario\\Documents\\WebDev\\Alura\\FullStack\\Node\\code-connect\\node_modules\\next\\dist\\compiled\\next-server\\app-page.runtime.dev.js:35:269321)\n    at eL (C:\\Users\\Usuario\\Documents\\WebDev\\Alura\\FullStack\\Node\\code-connect\\node_modules\\next\\dist\\compiled\\next-server\\app-page.runtime.dev.js:35:269809)\n    at eJ (C:\\Users\\Usuario\\Documents\\WebDev\\Alura\\FullStack\\Node\\code-connect\\node_modules\\next\\dist\\compiled\\next-server\\app-page.runtime.dev.js:35:275773)\n    at eR (C:\\Users\\Usuario\\Documents\\WebDev\\Alura\\FullStack\\Node\\code-connect\\node_modules\\next\\dist\\compiled\\next-server\\app-page.runtime.dev.js:35:266017)\n    at eC (C:\\Users\\Usuario\\Documents\\WebDev\\Alura\\FullStack\\Node\\code-connect\\node_modules\\next\\dist\\compiled\\next-server\\app-page.runtime.dev.js:35:265059)\n    at e (C:\\Users\\Usuario\\Documents\\WebDev\\Alura\\FullStack\\Node\\code-connect\\node_modules\\next\\dist\\compiled\\next-server\\app-page.runtime.dev.js:35:269321)\n    at eL (C:\\Users\\Usuario\\Documents\\WebDev\\Alura\\FullStack\\Node\\code-connect\\node_modules\\next\\dist\\compiled\\next-server\\app-page.runtime.dev.js:35:269809)\n    at C:\\Users\\Usuario\\Documents\\WebDev\\Alura\\FullStack\\Node\\code-connect\\node_modules\\next\\dist\\compiled\\next-server\\app-page.runtime.dev.js:35:267040\n    at Array.toJSON (C:\\Users\\Usuario\\Documents\\WebDev\\Alura\\FullStack\\Node\\code-connect\\node_modules\\next\\dist\\compiled\\next-server\\app-page.runtime.dev.js:35:267504)\n    at stringify (<anonymous>)\n    at eJ (C:\\Users\\Usuario\\Documents\\WebDev\\Alura\\FullStack\\Node\\code-connect\\node_modules\\next\\dist\\compiled\\next-server\\app-page.runtime.dev.js:35:275872)\n    at eV (C:\\Users\\Usuario\\Documents\\WebDev\\Alura\\FullStack\\Node\\code-connect\\node_modules\\next\\dist\\compiled\\next-server\\app-page.runtime.dev.js:35:276390)\n    at Timeout._onTimeout (C:\\Users\\Usuario\\Documents\\WebDev\\Alura\\FullStack\\Node\\code-connect\\node_modules\\next\\dist\\compiled\\next-server\\app-page.runtime.dev.js:35:266177)\n    at listOnTimeout (node:internal/timers:594:17)\n    at process.processTimers (node:internal/timers:529:7)"}
{"level":"error","message":"Erro ao buscar posts: db is not defined","stack":"ReferenceError: db is not defined\n    at getAllPosts (webpack-internal:///(rsc)/./src/app/page.js:33:23)\n    at Home (webpack-internal:///(rsc)/./src/app/page.js:50:47)\n    at eC (C:\\Users\\Usuario\\Documents\\WebDev\\Alura\\FullStack\\Node\\code-connect\\node_modules\\next\\dist\\compiled\\next-server\\app-page.runtime.dev.js:35:265189)\n    at e (C:\\Users\\Usuario\\Documents\\WebDev\\Alura\\FullStack\\Node\\code-connect\\node_modules\\next\\dist\\compiled\\next-server\\app-page.runtime.dev.js:35:269321)\n    at eL (C:\\Users\\Usuario\\Documents\\WebDev\\Alura\\FullStack\\Node\\code-connect\\node_modules\\next\\dist\\compiled\\next-server\\app-page.runtime.dev.js:35:269809)\n    at eJ (C:\\Users\\Usuario\\Documents\\WebDev\\Alura\\FullStack\\Node\\code-connect\\node_modules\\next\\dist\\compiled\\next-server\\app-page.runtime.dev.js:35:275773)\n    at eR (C:\\Users\\Usuario\\Documents\\WebDev\\Alura\\FullStack\\Node\\code-connect\\node_modules\\next\\dist\\compiled\\next-server\\app-page.runtime.dev.js:35:266017)\n    at eC (C:\\Users\\Usuario\\Documents\\WebDev\\Alura\\FullStack\\Node\\code-connect\\node_modules\\next\\dist\\compiled\\next-server\\app-page.runtime.dev.js:35:265059)\n    at e (C:\\Users\\Usuario\\Documents\\WebDev\\Alura\\FullStack\\Node\\code-connect\\node_modules\\next\\dist\\compiled\\next-server\\app-page.runtime.dev.js:35:269321)\n    at eL (C:\\Users\\Usuario\\Documents\\WebDev\\Alura\\FullStack\\Node\\code-connect\\node_modules\\next\\dist\\compiled\\next-server\\app-page.runtime.dev.js:35:269809)\n    at C:\\Users\\Usuario\\Documents\\WebDev\\Alura\\FullStack\\Node\\code-connect\\node_modules\\next\\dist\\compiled\\next-server\\app-page.runtime.dev.js:35:267040\n    at Array.toJSON (C:\\Users\\Usuario\\Documents\\WebDev\\Alura\\FullStack\\Node\\code-connect\\node_modules\\next\\dist\\compiled\\next-server\\app-page.runtime.dev.js:35:267504)\n    at stringify (<anonymous>)\n    at eJ (C:\\Users\\Usuario\\Documents\\WebDev\\Alura\\FullStack\\Node\\code-connect\\node_modules\\next\\dist\\compiled\\next-server\\app-page.runtime.dev.js:35:275872)\n    at eV (C:\\Users\\Usuario\\Documents\\WebDev\\Alura\\FullStack\\Node\\code-connect\\node_modules\\next\\dist\\compiled\\next-server\\app-page.runtime.dev.js:35:276390)\n    at Timeout._onTimeout (C:\\Users\\Usuario\\Documents\\WebDev\\Alura\\FullStack\\Node\\code-connect\\node_modules\\next\\dist\\compiled\\next-server\\app-page.runtime.dev.js:35:266177)\n    at listOnTimeout (node:internal/timers:594:17)\n    at process.processTimers (node:internal/timers:529:7)"}
{"level":"error","message":"Erro ao buscar posts: db is not defined","stack":"ReferenceError: db is not defined\n    at getAllPosts (webpack-internal:///(rsc)/./src/app/page.js:33:23)\n    at Home (webpack-internal:///(rsc)/./src/app/page.js:50:47)\n    at eC (C:\\Users\\Usuario\\Documents\\WebDev\\Alura\\FullStack\\Node\\code-connect\\node_modules\\next\\dist\\compiled\\next-server\\app-page.runtime.dev.js:35:265189)\n    at e (C:\\Users\\Usuario\\Documents\\WebDev\\Alura\\FullStack\\Node\\code-connect\\node_modules\\next\\dist\\compiled\\next-server\\app-page.runtime.dev.js:35:269321)\n    at eL (C:\\Users\\Usuario\\Documents\\WebDev\\Alura\\FullStack\\Node\\code-connect\\node_modules\\next\\dist\\compiled\\next-server\\app-page.runtime.dev.js:35:269809)\n    at eJ (C:\\Users\\Usuario\\Documents\\WebDev\\Alura\\FullStack\\Node\\code-connect\\node_modules\\next\\dist\\compiled\\next-server\\app-page.runtime.dev.js:35:275773)\n    at eR (C:\\Users\\Usuario\\Documents\\WebDev\\Alura\\FullStack\\Node\\code-connect\\node_modules\\next\\dist\\compiled\\next-server\\app-page.runtime.dev.js:35:266017)\n    at eC (C:\\Users\\Usuario\\Documents\\WebDev\\Alura\\FullStack\\Node\\code-connect\\node_modules\\next\\dist\\compiled\\next-server\\app-page.runtime.dev.js:35:265059)\n    at e (C:\\Users\\Usuario\\Documents\\WebDev\\Alura\\FullStack\\Node\\code-connect\\node_modules\\next\\dist\\compiled\\next-server\\app-page.runtime.dev.js:35:269321)\n    at eL (C:\\Users\\Usuario\\Documents\\WebDev\\Alura\\FullStack\\Node\\code-connect\\node_modules\\next\\dist\\compiled\\next-server\\app-page.runtime.dev.js:35:269809)\n    at C:\\Users\\Usuario\\Documents\\WebDev\\Alura\\FullStack\\Node\\code-connect\\node_modules\\next\\dist\\compiled\\next-server\\app-page.runtime.dev.js:35:267040\n    at Array.toJSON (C:\\Users\\Usuario\\Documents\\WebDev\\Alura\\FullStack\\Node\\code-connect\\node_modules\\next\\dist\\compiled\\next-server\\app-page.runtime.dev.js:35:267504)\n    at stringify (<anonymous>)\n    at eJ (C:\\Users\\Usuario\\Documents\\WebDev\\Alura\\FullStack\\Node\\code-connect\\node_modules\\next\\dist\\compiled\\next-server\\app-page.runtime.dev.js:35:275872)\n    at eV (C:\\Users\\Usuario\\Documents\\WebDev\\Alura\\FullStack\\Node\\code-connect\\node_modules\\next\\dist\\compiled\\next-server\\app-page.runtime.dev.js:35:276390)\n    at AsyncLocalStorage.run (node:internal/async_local_storage/async_hooks:91:14)\n    at Timeout._onTimeout (C:\\Users\\Usuario\\Documents\\WebDev\\Alura\\FullStack\\Node\\code-connect\\node_modules\\next\\dist\\compiled\\next-server\\app-page.runtime.dev.js:35:284753)\n    at listOnTimeout (node:internal/timers:594:17)\n    at process.processTimers (node:internal/timers:529:7)"}
{"level":"error","message":"Erro ao buscar posts: db is not defined","stack":"ReferenceError: db is not defined\n    at getAllPosts (webpack-internal:///(rsc)/./src/app/page.js:33:23)\n    at Home (webpack-internal:///(rsc)/./src/app/page.js:52:47)\n    at eC (C:\\Users\\Usuario\\Documents\\WebDev\\Alura\\FullStack\\Node\\code-connect\\node_modules\\next\\dist\\compiled\\next-server\\app-page.runtime.dev.js:35:265189)\n    at e (C:\\Users\\Usuario\\Documents\\WebDev\\Alura\\FullStack\\Node\\code-connect\\node_modules\\next\\dist\\compiled\\next-server\\app-page.runtime.dev.js:35:269321)\n    at eL (C:\\Users\\Usuario\\Documents\\WebDev\\Alura\\FullStack\\Node\\code-connect\\node_modules\\next\\dist\\compiled\\next-server\\app-page.runtime.dev.js:35:269809)\n    at eJ (C:\\Users\\Usuario\\Documents\\WebDev\\Alura\\FullStack\\Node\\code-connect\\node_modules\\next\\dist\\compiled\\next-server\\app-page.runtime.dev.js:35:275773)\n    at eR (C:\\Users\\Usuario\\Documents\\WebDev\\Alura\\FullStack\\Node\\code-connect\\node_modules\\next\\dist\\compiled\\next-server\\app-page.runtime.dev.js:35:266017)\n    at eC (C:\\Users\\Usuario\\Documents\\WebDev\\Alura\\FullStack\\Node\\code-connect\\node_modules\\next\\dist\\compiled\\next-server\\app-page.runtime.dev.js:35:265059)\n    at e (C:\\Users\\Usuario\\Documents\\WebDev\\Alura\\FullStack\\Node\\code-connect\\node_modules\\next\\dist\\compiled\\next-server\\app-page.runtime.dev.js:35:269321)\n    at eL (C:\\Users\\Usuario\\Documents\\WebDev\\Alura\\FullStack\\Node\\code-connect\\node_modules\\next\\dist\\compiled\\next-server\\app-page.runtime.dev.js:35:269809)\n    at C:\\Users\\Usuario\\Documents\\WebDev\\Alura\\FullStack\\Node\\code-connect\\node_modules\\next\\dist\\compiled\\next-server\\app-page.runtime.dev.js:35:267040\n    at Array.toJSON (C:\\Users\\Usuario\\Documents\\WebDev\\Alura\\FullStack\\Node\\code-connect\\node_modules\\next\\dist\\compiled\\next-server\\app-page.runtime.dev.js:35:267504)\n    at stringify (<anonymous>)\n    at eJ (C:\\Users\\Usuario\\Documents\\WebDev\\Alura\\FullStack\\Node\\code-connect\\node_modules\\next\\dist\\compiled\\next-server\\app-page.runtime.dev.js:35:275872)\n    at eV (C:\\Users\\Usuario\\Documents\\WebDev\\Alura\\FullStack\\Node\\code-connect\\node_modules\\next\\dist\\compiled\\next-server\\app-page.runtime.dev.js:35:276390)\n    at AsyncLocalStorage.run (node:internal/async_local_storage/async_hooks:91:14)\n    at Timeout._onTimeout (C:\\Users\\Usuario\\Documents\\WebDev\\Alura\\FullStack\\Node\\code-connect\\node_modules\\next\\dist\\compiled\\next-server\\app-page.runtime.dev.js:35:284753)\n    at listOnTimeout (node:internal/timers:594:17)\n    at process.processTimers (node:internal/timers:529:7)"}
{"level":"error","message":"Erro ao buscar posts: db is not defined","stack":"ReferenceError: db is not defined\n    at getAllPosts (webpack-internal:///(rsc)/./src/app/page.js:33:23)\n    at Home (webpack-internal:///(rsc)/./src/app/page.js:54:47)\n    at eC (C:\\Users\\Usuario\\Documents\\WebDev\\Alura\\FullStack\\Node\\code-connect\\node_modules\\next\\dist\\compiled\\next-server\\app-page.runtime.dev.js:35:265189)\n    at e (C:\\Users\\Usuario\\Documents\\WebDev\\Alura\\FullStack\\Node\\code-connect\\node_modules\\next\\dist\\compiled\\next-server\\app-page.runtime.dev.js:35:269321)\n    at eL (C:\\Users\\Usuario\\Documents\\WebDev\\Alura\\FullStack\\Node\\code-connect\\node_modules\\next\\dist\\compiled\\next-server\\app-page.runtime.dev.js:35:269809)\n    at eJ (C:\\Users\\Usuario\\Documents\\WebDev\\Alura\\FullStack\\Node\\code-connect\\node_modules\\next\\dist\\compiled\\next-server\\app-page.runtime.dev.js:35:275773)\n    at eR (C:\\Users\\Usuario\\Documents\\WebDev\\Alura\\FullStack\\Node\\code-connect\\node_modules\\next\\dist\\compiled\\next-server\\app-page.runtime.dev.js:35:266017)\n    at eC (C:\\Users\\Usuario\\Documents\\WebDev\\Alura\\FullStack\\Node\\code-connect\\node_modules\\next\\dist\\compiled\\next-server\\app-page.runtime.dev.js:35:265059)\n    at e (C:\\Users\\Usuario\\Documents\\WebDev\\Alura\\FullStack\\Node\\code-connect\\node_modules\\next\\dist\\compiled\\next-server\\app-page.runtime.dev.js:35:269321)\n    at eL (C:\\Users\\Usuario\\Documents\\WebDev\\Alura\\FullStack\\Node\\code-connect\\node_modules\\next\\dist\\compiled\\next-server\\app-page.runtime.dev.js:35:269809)\n    at C:\\Users\\Usuario\\Documents\\WebDev\\Alura\\FullStack\\Node\\code-connect\\node_modules\\next\\dist\\compiled\\next-server\\app-page.runtime.dev.js:35:267040\n    at Array.toJSON (C:\\Users\\Usuario\\Documents\\WebDev\\Alura\\FullStack\\Node\\code-connect\\node_modules\\next\\dist\\compiled\\next-server\\app-page.runtime.dev.js:35:267504)\n    at stringify (<anonymous>)\n    at eJ (C:\\Users\\Usuario\\Documents\\WebDev\\Alura\\FullStack\\Node\\code-connect\\node_modules\\next\\dist\\compiled\\next-server\\app-page.runtime.dev.js:35:275872)\n    at eV (C:\\Users\\Usuario\\Documents\\WebDev\\Alura\\FullStack\\Node\\code-connect\\node_modules\\next\\dist\\compiled\\next-server\\app-page.runtime.dev.js:35:276390)\n    at AsyncLocalStorage.run (node:internal/async_local_storage/async_hooks:91:14)\n    at Timeout._onTimeout (C:\\Users\\Usuario\\Documents\\WebDev\\Alura\\FullStack\\Node\\code-connect\\node_modules\\next\\dist\\compiled\\next-server\\app-page.runtime.dev.js:35:284753)\n    at listOnTimeout (node:internal/timers:594:17)\n    at process.processTimers (node:internal/timers:529:7)"}
{"level":"error","message":"Erro ao buscar posts: db is not defined","stack":"ReferenceError: db is not defined\n    at getAllPosts (webpack-internal:///(rsc)/./src/app/page.js:33:23)\n    at Home (webpack-internal:///(rsc)/./src/app/page.js:54:47)\n    at eC (C:\\Users\\Usuario\\Documents\\WebDev\\Alura\\FullStack\\Node\\code-connect\\node_modules\\next\\dist\\compiled\\next-server\\app-page.runtime.dev.js:35:265189)\n    at e (C:\\Users\\Usuario\\Documents\\WebDev\\Alura\\FullStack\\Node\\code-connect\\node_modules\\next\\dist\\compiled\\next-server\\app-page.runtime.dev.js:35:269321)\n    at eL (C:\\Users\\Usuario\\Documents\\WebDev\\Alura\\FullStack\\Node\\code-connect\\node_modules\\next\\dist\\compiled\\next-server\\app-page.runtime.dev.js:35:269809)\n    at eJ (C:\\Users\\Usuario\\Documents\\WebDev\\Alura\\FullStack\\Node\\code-connect\\node_modules\\next\\dist\\compiled\\next-server\\app-page.runtime.dev.js:35:275773)\n    at eR (C:\\Users\\Usuario\\Documents\\WebDev\\Alura\\FullStack\\Node\\code-connect\\node_modules\\next\\dist\\compiled\\next-server\\app-page.runtime.dev.js:35:266017)\n    at eC (C:\\Users\\Usuario\\Documents\\WebDev\\Alura\\FullStack\\Node\\code-connect\\node_modules\\next\\dist\\compiled\\next-server\\app-page.runtime.dev.js:35:265059)\n    at e (C:\\Users\\Usuario\\Documents\\WebDev\\Alura\\FullStack\\Node\\code-connect\\node_modules\\next\\dist\\compiled\\next-server\\app-page.runtime.dev.js:35:269321)\n    at eL (C:\\Users\\Usuario\\Documents\\WebDev\\Alura\\FullStack\\Node\\code-connect\\node_modules\\next\\dist\\compiled\\next-server\\app-page.runtime.dev.js:35:269809)\n    at C:\\Users\\Usuario\\Documents\\WebDev\\Alura\\FullStack\\Node\\code-connect\\node_modules\\next\\dist\\compiled\\next-server\\app-page.runtime.dev.js:35:267040\n    at Array.toJSON (C:\\Users\\Usuario\\Documents\\WebDev\\Alura\\FullStack\\Node\\code-connect\\node_modules\\next\\dist\\compiled\\next-server\\app-page.runtime.dev.js:35:267504)\n    at stringify (<anonymous>)\n    at eJ (C:\\Users\\Usuario\\Documents\\WebDev\\Alura\\FullStack\\Node\\code-connect\\node_modules\\next\\dist\\compiled\\next-server\\app-page.runtime.dev.js:35:275872)\n    at eV (C:\\Users\\Usuario\\Documents\\WebDev\\Alura\\FullStack\\Node\\code-connect\\node_modules\\next\\dist\\compiled\\next-server\\app-page.runtime.dev.js:35:276390)\n    at Timeout._onTimeout (C:\\Users\\Usuario\\Documents\\WebDev\\Alura\\FullStack\\Node\\code-connect\\node_modules\\next\\dist\\compiled\\next-server\\app-page.runtime.dev.js:35:266177)\n    at listOnTimeout (node:internal/timers:594:17)\n    at process.processTimers (node:internal/timers:529:7)"}
{"level":"error","message":"Erro ao buscar posts: db is not defined","stack":"ReferenceError: db is not defined\n    at getAllPosts (webpack-internal:///(rsc)/./src/app/page.js:33:23)\n    at Home (webpack-internal:///(rsc)/./src/app/page.js:54:47)\n    at eC (C:\\Users\\Usuario\\Documents\\WebDev\\Alura\\FullStack\\Node\\code-connect\\node_modules\\next\\dist\\compiled\\next-server\\app-page.runtime.dev.js:35:265189)\n    at e (C:\\Users\\Usuario\\Documents\\WebDev\\Alura\\FullStack\\Node\\code-connect\\node_modules\\next\\dist\\compiled\\next-server\\app-page.runtime.dev.js:35:269321)\n    at eL (C:\\Users\\Usuario\\Documents\\WebDev\\Alura\\FullStack\\Node\\code-connect\\node_modules\\next\\dist\\compiled\\next-server\\app-page.runtime.dev.js:35:269809)\n    at eJ (C:\\Users\\Usuario\\Documents\\WebDev\\Alura\\FullStack\\Node\\code-connect\\node_modules\\next\\dist\\compiled\\next-server\\app-page.runtime.dev.js:35:275773)\n    at eR (C:\\Users\\Usuario\\Documents\\WebDev\\Alura\\FullStack\\Node\\code-connect\\node_modules\\next\\dist\\compiled\\next-server\\app-page.runtime.dev.js:35:266017)\n    at eC (C:\\Users\\Usuario\\Documents\\WebDev\\Alura\\FullStack\\Node\\code-connect\\node_modules\\next\\dist\\compiled\\next-server\\app-page.runtime.dev.js:35:265059)\n    at e (C:\\Users\\Usuario\\Documents\\WebDev\\Alura\\FullStack\\Node\\code-connect\\node_modules\\next\\dist\\compiled\\next-server\\app-page.runtime.dev.js:35:269321)\n    at eL (C:\\Users\\Usuario\\Documents\\WebDev\\Alura\\FullStack\\Node\\code-connect\\node_modules\\next\\dist\\compiled\\next-server\\app-page.runtime.dev.js:35:269809)\n    at C:\\Users\\Usuario\\Documents\\WebDev\\Alura\\FullStack\\Node\\code-connect\\node_modules\\next\\dist\\compiled\\next-server\\app-page.runtime.dev.js:35:267040\n    at Array.toJSON (C:\\Users\\Usuario\\Documents\\WebDev\\Alura\\FullStack\\Node\\code-connect\\node_modules\\next\\dist\\compiled\\next-server\\app-page.runtime.dev.js:35:267504)\n    at stringify (<anonymous>)\n    at eJ (C:\\Users\\Usuario\\Documents\\WebDev\\Alura\\FullStack\\Node\\code-connect\\node_modules\\next\\dist\\compiled\\next-server\\app-page.runtime.dev.js:35:275872)\n    at eV (C:\\Users\\Usuario\\Documents\\WebDev\\Alura\\FullStack\\Node\\code-connect\\node_modules\\next\\dist\\compiled\\next-server\\app-page.runtime.dev.js:35:276390)\n    at Timeout._onTimeout (C:\\Users\\Usuario\\Documents\\WebDev\\Alura\\FullStack\\Node\\code-connect\\node_modules\\next\\dist\\compiled\\next-server\\app-page.runtime.dev.js:35:266177)\n    at listOnTimeout (node:internal/timers:594:17)\n    at process.processTimers (node:internal/timers:529:7)"}
{"level":"info","message":"Post obtido com sucesso"}
{"level":"error","message":"Erro ao buscar posts: i is not defined","stack":"ReferenceError: i is not defined\n    at getAllPosts (webpack-internal:///(rsc)/./src/app/page.js:36:13)\n    at Home (webpack-internal:///(rsc)/./src/app/page.js:54:47)\n    at eC (C:\\Users\\Usuario\\Documents\\WebDev\\Alura\\FullStack\\Node\\code-connect\\node_modules\\next\\dist\\compiled\\next-server\\app-page.runtime.dev.js:35:265189)\n    at e (C:\\Users\\Usuario\\Documents\\WebDev\\Alura\\FullStack\\Node\\code-connect\\node_modules\\next\\dist\\compiled\\next-server\\app-page.runtime.dev.js:35:269321)\n    at eL (C:\\Users\\Usuario\\Documents\\WebDev\\Alura\\FullStack\\Node\\code-connect\\node_modules\\next\\dist\\compiled\\next-server\\app-page.runtime.dev.js:35:269809)\n    at eJ (C:\\Users\\Usuario\\Documents\\WebDev\\Alura\\FullStack\\Node\\code-connect\\node_modules\\next\\dist\\compiled\\next-server\\app-page.runtime.dev.js:35:275773)\n    at eR (C:\\Users\\Usuario\\Documents\\WebDev\\Alura\\FullStack\\Node\\code-connect\\node_modules\\next\\dist\\compiled\\next-server\\app-page.runtime.dev.js:35:266017)\n    at eC (C:\\Users\\Usuario\\Documents\\WebDev\\Alura\\FullStack\\Node\\code-connect\\node_modules\\next\\dist\\compiled\\next-server\\app-page.runtime.dev.js:35:265059)\n    at e (C:\\Users\\Usuario\\Documents\\WebDev\\Alura\\FullStack\\Node\\code-connect\\node_modules\\next\\dist\\compiled\\next-server\\app-page.runtime.dev.js:35:269321)\n    at eL (C:\\Users\\Usuario\\Documents\\WebDev\\Alura\\FullStack\\Node\\code-connect\\node_modules\\next\\dist\\compiled\\next-server\\app-page.runtime.dev.js:35:269809)\n    at C:\\Users\\Usuario\\Documents\\WebDev\\Alura\\FullStack\\Node\\code-connect\\node_modules\\next\\dist\\compiled\\next-server\\app-page.runtime.dev.js:35:267040\n    at Array.toJSON (C:\\Users\\Usuario\\Documents\\WebDev\\Alura\\FullStack\\Node\\code-connect\\node_modules\\next\\dist\\compiled\\next-server\\app-page.runtime.dev.js:35:267504)\n    at stringify (<anonymous>)\n    at eJ (C:\\Users\\Usuario\\Documents\\WebDev\\Alura\\FullStack\\Node\\code-connect\\node_modules\\next\\dist\\compiled\\next-server\\app-page.runtime.dev.js:35:275872)\n    at eV (C:\\Users\\Usuario\\Documents\\WebDev\\Alura\\FullStack\\Node\\code-connect\\node_modules\\next\\dist\\compiled\\next-server\\app-page.runtime.dev.js:35:276390)\n    at AsyncLocalStorage.run (node:internal/async_local_storage/async_hooks:91:14)\n    at Timeout._onTimeout (C:\\Users\\Usuario\\Documents\\WebDev\\Alura\\FullStack\\Node\\code-connect\\node_modules\\next\\dist\\compiled\\next-server\\app-page.runtime.dev.js:35:284753)\n    at listOnTimeout (node:internal/timers:594:17)\n    at process.processTimers (node:internal/timers:529:7)"}
{"level":"error","message":"Erro ao buscar posts: i is not defined","stack":"ReferenceError: i is not defined\n    at getAllPosts (webpack-internal:///(rsc)/./src/app/page.js:36:13)\n    at Home (webpack-internal:///(rsc)/./src/app/page.js:54:47)\n    at eC (C:\\Users\\Usuario\\Documents\\WebDev\\Alura\\FullStack\\Node\\code-connect\\node_modules\\next\\dist\\compiled\\next-server\\app-page.runtime.dev.js:35:265189)\n    at e (C:\\Users\\Usuario\\Documents\\WebDev\\Alura\\FullStack\\Node\\code-connect\\node_modules\\next\\dist\\compiled\\next-server\\app-page.runtime.dev.js:35:269321)\n    at eL (C:\\Users\\Usuario\\Documents\\WebDev\\Alura\\FullStack\\Node\\code-connect\\node_modules\\next\\dist\\compiled\\next-server\\app-page.runtime.dev.js:35:269809)\n    at eJ (C:\\Users\\Usuario\\Documents\\WebDev\\Alura\\FullStack\\Node\\code-connect\\node_modules\\next\\dist\\compiled\\next-server\\app-page.runtime.dev.js:35:275773)\n    at eR (C:\\Users\\Usuario\\Documents\\WebDev\\Alura\\FullStack\\Node\\code-connect\\node_modules\\next\\dist\\compiled\\next-server\\app-page.runtime.dev.js:35:266017)\n    at eC (C:\\Users\\Usuario\\Documents\\WebDev\\Alura\\FullStack\\Node\\code-connect\\node_modules\\next\\dist\\compiled\\next-server\\app-page.runtime.dev.js:35:265059)\n    at e (C:\\Users\\Usuario\\Documents\\WebDev\\Alura\\FullStack\\Node\\code-connect\\node_modules\\next\\dist\\compiled\\next-server\\app-page.runtime.dev.js:35:269321)\n    at eL (C:\\Users\\Usuario\\Documents\\WebDev\\Alura\\FullStack\\Node\\code-connect\\node_modules\\next\\dist\\compiled\\next-server\\app-page.runtime.dev.js:35:269809)\n    at C:\\Users\\Usuario\\Documents\\WebDev\\Alura\\FullStack\\Node\\code-connect\\node_modules\\next\\dist\\compiled\\next-server\\app-page.runtime.dev.js:35:267040\n    at Array.toJSON (C:\\Users\\Usuario\\Documents\\WebDev\\Alura\\FullStack\\Node\\code-connect\\node_modules\\next\\dist\\compiled\\next-server\\app-page.runtime.dev.js:35:267504)\n    at stringify (<anonymous>)\n    at eJ (C:\\Users\\Usuario\\Documents\\WebDev\\Alura\\FullStack\\Node\\code-connect\\node_modules\\next\\dist\\compiled\\next-server\\app-page.runtime.dev.js:35:275872)\n    at eV (C:\\Users\\Usuario\\Documents\\WebDev\\Alura\\FullStack\\Node\\code-connect\\node_modules\\next\\dist\\compiled\\next-server\\app-page.runtime.dev.js:35:276390)\n    at Timeout._onTimeout (C:\\Users\\Usuario\\Documents\\WebDev\\Alura\\FullStack\\Node\\code-connect\\node_modules\\next\\dist\\compiled\\next-server\\app-page.runtime.dev.js:35:266177)\n    at listOnTimeout (node:internal/timers:594:17)\n    at process.processTimers (node:internal/timers:529:7)"}
